// Jest Snapshot v1, https://goo.gl/fbAQLP

exports[`Note snapshots 1`] = `
<div>
  <Styled(div)>
    <Styled(div)
      onClick={[Function]}
    >
      <Styled(SvgComponent) />
      <Styled(span)>
        Hide help
      </Styled(span)>
      <Styled(Component)
        isOpen={true}
      />
    </Styled(div)>
  </Styled(div)>
  <Styled(div)
    isOpen={true}
  >
    test
  </Styled(div)>
</div>
`;
